// Jest Snapshot v1, https://goo.gl/fbAQLP

exports[`CardContainer should match a snapshot 1`] = `
ShallowWrapper {
  "length": 1,
  Symbol(enzyme.__root__): [Circular],
  Symbol(enzyme.__unrendered__): <CardContainer
    addMembersDisplay={[Function]}
    getHouses={[Function]}
    getMembers={[Function]}
    houses={
        Array [
            Object {
              "ancestralWeapons": "Lady Forlorn",
              "coatOfArms": "Three black ravens in flight, holding three red hearts, on a white field(Argent, three ravens volant sable, each clutching in their claws a heart gules)",
              "founded": "",
              "name": "House Corbray of Heart's Home",
              "seats": "Heart's Home",
              "swornMembers": Array [
                "255",
                "256",
                "447",
                "654",
                "677",
                "681",
                "871",
                "1182",
              ],
              "titles": Array [
                "Lord of Heart's Home",
                "King of the Fingers (historical)",
              ],
              "words": "",
            },
          ]
    }
    memberDisplay={
        Object {
            "white": true,
          }
    }
    removeMembersDisplay={[Function]}
/>,
  Symbol(enzyme.__renderer__): Object {
    "batchedUpdates": [Function],
    "getNode": [Function],
    "render": [Function],
    "simulateEvent": [Function],
    "unmount": [Function],
  },
  Symbol(enzyme.__node__): Object {
    "instance": null,
    "key": undefined,
    "nodeType": "host",
    "props": Object {
      "children": Array [
        <Card
          ancestralWeapons="Lady Forlorn"
          coatOfArms="Three black ravens in flight, holding three red hearts, on a white field(Argent, three ravens volant sable, each clutching in their claws a heart gules)"
          display="none"
          founded=""
          handleOnClick={[Function]}
          name="House Corbray of Heart's Home"
          seats="Heart's Home"
          swornMembers={
                    Array [
                              "255",
                              "256",
                              "447",
                              "654",
                              "677",
                              "681",
                              "871",
                              "1182",
                            ]
          }
          titles={
                    Array [
                              "Lord of Heart's Home",
                              "King of the Fingers (historical)",
                            ]
          }
          words=""
/>,
      ],
      "className": "Container",
    },
    "ref": null,
    "rendered": Array [
      Object {
        "instance": null,
        "key": "0",
        "nodeType": "function",
        "props": Object {
          "ancestralWeapons": "Lady Forlorn",
          "coatOfArms": "Three black ravens in flight, holding three red hearts, on a white field(Argent, three ravens volant sable, each clutching in their claws a heart gules)",
          "display": "none",
          "founded": "",
          "handleOnClick": [Function],
          "name": "House Corbray of Heart's Home",
          "seats": "Heart's Home",
          "swornMembers": Array [
            "255",
            "256",
            "447",
            "654",
            "677",
            "681",
            "871",
            "1182",
          ],
          "titles": Array [
            "Lord of Heart's Home",
            "King of the Fingers (historical)",
          ],
          "words": "",
        },
        "ref": null,
        "rendered": null,
        "type": [Function],
      },
    ],
    "type": "div",
  },
  Symbol(enzyme.__nodes__): Array [
    Object {
      "instance": null,
      "key": undefined,
      "nodeType": "host",
      "props": Object {
        "children": Array [
          <Card
            ancestralWeapons="Lady Forlorn"
            coatOfArms="Three black ravens in flight, holding three red hearts, on a white field(Argent, three ravens volant sable, each clutching in their claws a heart gules)"
            display="none"
            founded=""
            handleOnClick={[Function]}
            name="House Corbray of Heart's Home"
            seats="Heart's Home"
            swornMembers={
                        Array [
                                    "255",
                                    "256",
                                    "447",
                                    "654",
                                    "677",
                                    "681",
                                    "871",
                                    "1182",
                                  ]
            }
            titles={
                        Array [
                                    "Lord of Heart's Home",
                                    "King of the Fingers (historical)",
                                  ]
            }
            words=""
/>,
        ],
        "className": "Container",
      },
      "ref": null,
      "rendered": Array [
        Object {
          "instance": null,
          "key": "0",
          "nodeType": "function",
          "props": Object {
            "ancestralWeapons": "Lady Forlorn",
            "coatOfArms": "Three black ravens in flight, holding three red hearts, on a white field(Argent, three ravens volant sable, each clutching in their claws a heart gules)",
            "display": "none",
            "founded": "",
            "handleOnClick": [Function],
            "name": "House Corbray of Heart's Home",
            "seats": "Heart's Home",
            "swornMembers": Array [
              "255",
              "256",
              "447",
              "654",
              "677",
              "681",
              "871",
              "1182",
            ],
            "titles": Array [
              "Lord of Heart's Home",
              "King of the Fingers (historical)",
            ],
            "words": "",
          },
          "ref": null,
          "rendered": null,
          "type": [Function],
        },
      ],
      "type": "div",
    },
  ],
  Symbol(enzyme.__options__): Object {
    "adapter": ReactSixteenAdapter {
      "options": Object {
        "enableComponentDidUpdateOnSetState": true,
      },
    },
  },
}
`;
